Tue Sep 15 05:10:46 UTC 2026 - TBH update
Wed Sep 16 05:06:14 UTC 2026 - TBH update
Thu Sep 17 05:09:29 UTC 2026 - TBH update
Fri Sep 18 05:02:41 UTC 2026 - TBH update
Sat Sep 19 04:54:06 UTC 2026 - TBH update
Sun Sep 20 05:15:34 UTC 2026 - TBH update
Mon Sep 21 05:18:25 UTC 2026 - TBH update
Tue Sep 22 05:16:24 UTC 2026 - TBH update
Wed Sep 23 05:01:54 UTC 2026 - TBH update
Thu Sep 24 05:12:57 UTC 2026 - TBH update
Fri Sep 25 05:14:30 UTC 2026 - TBH update
Sat Sep 26 05:19:07 UTC 2026 - TBH update
Sun Sep 27 05:36:19 UTC 2026 - TBH update
Mon Sep 28 05:44:09 UTC 2026 - TBH update
Tue Sep 29 06:01:46 UTC 2026 - TBH update
Wed Sep 30 05:50:35 UTC 2026 - TBH update
Thu Oct  1 06:24:14 UTC 2026 - TBH update
Fri Oct  2 06:01:36 UTC 2026 - TBH update
Sat Oct  3 05:36:49 UTC 2026 - TBH update
Sun Oct  4 06:13:19 UTC 2026 - TBH update
Mon Oct  5 06:04:45 UTC 2026 - TBH update
Tue Oct  6 06:44:27 UTC 2026 - TBH update
